
> daygen@0.0.0 build
> vite build

vite v6.4.1 building for production...
transforming...
✓ 2363 modules transformed.
✗ Build failed in 2.83s
error during build:
[vite]: Rollup failed to resolve import "wavesurfer.js" from "/Users/michalwadolowski/Documents/Code DayGen/daygen-frontend/src/components/shared/MusicSelector.tsx".
This is most likely unintended because it can break your application at runtime.
If you do want to externalize this module explicitly add it to
`build.rollupOptions.external`
    at viteLog (file:///Users/michalwadolowski/Documents/Code%20DayGen/daygen-frontend/node_modules/vite/dist/node/chunks/dep-D4NMHUTW.js:46374:15)
    at file:///Users/michalwadolowski/Documents/Code%20DayGen/daygen-frontend/node_modules/vite/dist/node/chunks/dep-D4NMHUTW.js:46432:18
    at onwarn (file:///Users/michalwadolowski/Documents/Code%20DayGen/daygen-frontend/node_modules/@vitejs/plugin-react-swc/index.js:90:7)
    at file:///Users/michalwadolowski/Documents/Code%20DayGen/daygen-frontend/node_modules/vite/dist/node/chunks/dep-D4NMHUTW.js:46430:7
    at onRollupLog (file:///Users/michalwadolowski/Documents/Code%20DayGen/daygen-frontend/node_modules/vite/dist/node/chunks/dep-D4NMHUTW.js:46422:5)
    at onLog (file:///Users/michalwadolowski/Documents/Code%20DayGen/daygen-frontend/node_modules/vite/dist/node/chunks/dep-D4NMHUTW.js:46072:7)
    at file:///Users/michalwadolowski/Documents/Code%20DayGen/daygen-frontend/node_modules/rollup/dist/es/shared/node-entry.js:20999:32
    at Object.logger [as onLog] (file:///Users/michalwadolowski/Documents/Code%20DayGen/daygen-frontend/node_modules/rollup/dist/es/shared/node-entry.js:22886:9)
    at ModuleLoader.handleInvalidResolvedId (file:///Users/michalwadolowski/Documents/Code%20DayGen/daygen-frontend/node_modules/rollup/dist/es/shared/node-entry.js:21630:26)
    at file:///Users/michalwadolowski/Documents/Code%20DayGen/daygen-frontend/node_modules/rollup/dist/es/shared/node-entry.js:21588:26
